// Jest Snapshot v1, https://goo.gl/fbAQLP

exports[`test barchart with bars count 5 1`] = `
"  **
  **
  **
  **
##  #
##  #
##  #
 #
 #   "
`;

exports[`test barchart with bars count 10 1`] = `
"       *
*      *
*     **
*   * **
*   * ** *
*   * ** *
*  *******
 ##
 ##
  #
  #
  #
  #       "
`;

exports[`test barchart with bars count 20 1`] = `
" *****     *
 ******    *     * *
******** *** *  ** *
******** *** ** ** *
******** ****** ** *
******** ****** ****
********************
********************"
`;

exports[`test barchart with bars count 30 1`] = `
"# ###### ###  ########### ## #
# ###### ###  ########### ## #
# ###### ###  ###########  # #
  ## ##   ##  # #########  # #
  ## ##   #   #  ########  # #
  ## ##   #   #  ##### #   #
   #  #   #   #  #  ## #   #
   #  #       #  #  ## #   #
      #          #  ##     #
                 #         #  "
`;

exports[`test barchart with bars count 40 1`] = `
"                    *            *
               *    *         *  *
               *    *  **     *  * ***
    *          **   *  **     *  * ***
    **         ** * *  ** *   *  * ***
 *  **        *** * * *** *   *  * ***
 *  **   *    *** * * *** *   *  * ***
# ##  ### ## #   #       # ### ## #   ##
  ##  ##  ## #   #         ###    #   #
  ##  ##  ## #   #         ###    #   #
  ##   #   # #   #          ##    #   #
  ##   #   # #   #          #     #
  ##             #          #     #
  #                         #           "
`;

exports[`test barchart with bars count 50 1`] = `
"          **             **
          **             ** *               *
          **             ** *     *         *
          **             ** *     *         *
          ** **          ** *     *      *  *
          ** ** *        ** *     *      *  *
          ** ** *        ** *     * *  * *  *   *
          ** ** *        ** *     * *  * *  *   *
     *    ** ** *      * ** *     * *  * *  *   *
     *    ** ** *      * ** * *   * *  * ** * * *
*    *    ** ** *      * ** * *  ** *  **** * * *
*    *    ** ** *  *   * ** * *  ** *  **** * * *
 ####  ###     # ## ### #  # # ##  # #     # # # #
 ####  # #     # ##  #  #  # # ##  # #       # # #
 ####  # #     #     #  #  #   #   # #       # # #
 ###   # #           #  #  #       #         # # #
 # #   # #           #  #  #       #         # # #
 # #   #             #     #       #         #   #
   #   #                   #       #             #
       #                           #             #"
`;

exports[`test barchart with bars count 60 1`] = `
"                         **            *          **  *
             *   *       **    *       *          **  *
             *   * *  *  **    *       *      *   **  *
 *           *   * *  *  **    *       *      *   **  *
 * *   * *   * * * ** *  **    *       *      *   **  **
 * * *** *   * * * ** *  **    *      ***     *   **  **
 * * *****   * * * ** *  **    *      ***   * *   **  **
 * * ***** * * * * ** ** **   **    * ****  * **  *** **  *
 * * ***** * * * * ** ** **  ***    * ****  * **  *** **  *
 * * ********* * * ** ** *** ***    * **** ** **  *** **  *
# #           # # #  #      #   ####      #  #  ##   #     #
  #           # # #  #      #    ###      #  #   #   #     #
  #           # # #  #      #      #      #  #   #         #
              #   #                #      #      #         #
              #                    #             #         #"
`;
